Archive member included to satisfy reference by file (symbol)

/home/z/iMX6rex/fsl-bsp/build/tmp/sysroots/imx6qsabresd/usr/lib/arm-poky-linux-gnueabi/5.3.0/libgcc.a(_udivsi3.o)
                              arch/arm/cpu/armv7/built-in.o (__aeabi_uidiv)
/home/z/iMX6rex/fsl-bsp/build/tmp/sysroots/imx6qsabresd/usr/lib/arm-poky-linux-gnueabi/5.3.0/libgcc.a(_divsi3.o)
                              cmd/built-in.o (__aeabi_idiv)
/home/z/iMX6rex/fsl-bsp/build/tmp/sysroots/imx6qsabresd/usr/lib/arm-poky-linux-gnueabi/5.3.0/libgcc.a(_lshrdi3.o)
                              fs/built-in.o (__aeabi_llsr)
/home/z/iMX6rex/fsl-bsp/build/tmp/sysroots/imx6qsabresd/usr/lib/arm-poky-linux-gnueabi/5.3.0/libgcc.a(_ashldi3.o)
                              drivers/mmc/built-in.o (__aeabi_llsl)
/home/z/iMX6rex/fsl-bsp/build/tmp/sysroots/imx6qsabresd/usr/lib/arm-poky-linux-gnueabi/5.3.0/libgcc.a(_dvmd_lnx.o)
                              /home/z/iMX6rex/fsl-bsp/build/tmp/sysroots/imx6qsabresd/usr/lib/arm-poky-linux-gnueabi/5.3.0/libgcc.a(_udivsi3.o) (__aeabi_idiv0)

Discarded input sections

 .data          0x0000000000000000        0x0 arch/arm/cpu/armv7/start.o
 .bss           0x0000000000000000        0x0 arch/arm/cpu/armv7/start.o
 .text.v7_outer_cache_enable
                0x0000000000000000        0x4 arch/arm/cpu/armv7/built-in.o
 .text.v7_outer_cache_disable
                0x0000000000000000        0x4 arch/arm/cpu/armv7/built-in.o
 .text.v7_outer_cache_flush_all
                0x0000000000000000        0x4 arch/arm/cpu/armv7/built-in.o
 .text.v7_outer_cache_inval_all
                0x0000000000000000        0x4 arch/arm/cpu/armv7/built-in.o
 .text.v7_outer_cache_flush_range
                0x0000000000000000        0x4 arch/arm/cpu/armv7/built-in.o
 .text.v7_outer_cache_inval_range
                0x0000000000000000        0x4 arch/arm/cpu/armv7/built-in.o
 .text.v7_arch_cp15_set_l2aux_ctrl
                0x0000000000000000        0x8 arch/arm/cpu/armv7/built-in.o
 .text.v7_arch_cp15_set_acr
                0x0000000000000000        0x8 arch/arm/cpu/armv7/built-in.o
 .text.sdelay   0x0000000000000000        0xc arch/arm/cpu/armv7/built-in.o
 .text.wait_on_value
                0x0000000000000000       0x34 arch/arm/cpu/armv7/built-in.o
 .text.board_mmc_get_env_dev
                0x0000000000000000        0x8 arch/arm/cpu/armv7/built-in.o
 .text.enable_enet_clk
                0x0000000000000000       0x48 arch/arm/cpu/armv7/built-in.o
 .text.enable_uart_clk
                0x0000000000000000       0x4c arch/arm/cpu/armv7/built-in.o
 .text.enable_usdhc_clk
                0x0000000000000000       0x4c arch/arm/cpu/armv7/built-in.o
 .text.enable_spi_clk
                0x0000000000000000       0x44 arch/arm/cpu/armv7/built-in.o
 .text.enable_fec_anatop_clock
                0x0000000000000000       0xe4 arch/arm/cpu/armv7/built-in.o
 .text.select_ldb_di_clock_source
                0x0000000000000000      0x148 arch/arm/cpu/armv7/built-in.o
 .data          0x0000000000000000        0x0 arch/arm/cpu/armv7/built-in.o
 .bss           0x0000000000000000        0x0 arch/arm/cpu/armv7/built-in.o
 .text          0x0000000000000000        0x0 arch/arm/imx-common/built-in.o
 .text.get_imx_reset_cause
                0x0000000000000000       0x10 arch/arm/imx-common/built-in.o
 .text.set_chipselect_size
                0x0000000000000000       0x84 arch/arm/imx-common/built-in.o
 .text.mxs_wait_mask_set
                0x0000000000000000       0x3c arch/arm/imx-common/built-in.o
 .text.mxs_wait_mask_clr
                0x0000000000000000       0x3c arch/arm/imx-common/built-in.o
 .text.mxs_reset_block
                0x0000000000000000       0x90 arch/arm/imx-common/built-in.o
 .data          0x0000000000000000        0x0 arch/arm/imx-common/built-in.o
 .bss           0x0000000000000000        0x0 arch/arm/imx-common/built-in.o
 .text.reset_misc
                0x0000000000000000        0x4 arch/arm/lib/built-in.o
 .text.enable_caches
                0x0000000000000000        0xc arch/arm/lib/built-in.o
 .text.invalidate_dcache_range
                0x0000000000000000        0x4 arch/arm/lib/built-in.o
 .text.flush_dcache_range
                0x0000000000000000        0x4 arch/arm/lib/built-in.o
 .text.flush_dcache_all
                0x0000000000000000        0xc arch/arm/lib/built-in.o
 .text.arm_init_before_mmu
                0x0000000000000000        0x4 arch/arm/lib/built-in.o
 .text.mmu_page_table_flush
                0x0000000000000000        0x4 arch/arm/lib/built-in.o
 .rodata.pl310  0x0000000000000000        0x4 arch/arm/lib/built-in.o
 .data          0x0000000000000000        0x0 arch/arm/lib/built-in.o
 .__secure_end  0x0000000000000000        0x0 arch/arm/lib/built-in.o
 .__secure_start
                0x0000000000000000        0x0 arch/arm/lib/built-in.o
 .bss           0x0000000000000000        0x0 arch/arm/lib/built-in.o
 .text          0x0000000000000000        0x0 board/freescale/common/built-in.o
[...]
Memory Configuration

Name             Origin             Length             Attributes
*default*        0x0000000000000000 0xffffffffffffffff

Linker script and memory map

Address of section .text set to 0x17800000
                0x0000000000000000                . = 0x0
                0x0000000000000000                . = ALIGN (0x4)

.text           0x0000000017800000    0x4ce30
 *(.__image_copy_start)
 .__image_copy_start
                0x0000000017800000        0x0 arch/arm/lib/built-in.o
                0x0000000017800000                __image_copy_start
 *(.vectors)
 .vectors       0x0000000017800000      0x2e8 arch/arm/lib/built-in.o
                0x0000000017800000                _start
                0x0000000017800020                _undefined_instruction
                0x0000000017800024                _software_interrupt
                0x0000000017800028                _prefetch_abort
                0x000000001780002c                _data_abort
                0x0000000017800030                _not_used
                0x0000000017800034                _irq
                0x0000000017800038                _fiq
                0x0000000017800040                IRQ_STACK_START_IN
 arch/arm/cpu/armv7/start.o(.text*)
 .text          0x00000000178002e8       0xe0 arch/arm/cpu/armv7/start.o
                0x00000000178002e8                reset
                0x00000000178002ec                save_boot_params_ret
                0x0000000017800328                c_runtime_cpu_setup
                0x0000000017800338                save_boot_params
                0x000000001780033c                cpu_init_cp15
                0x00000000178003c0                cpu_init_crit
 *(.text*)
 .text          0x00000000178003c8      0x16c arch/arm/cpu/armv7/built-in.o
                0x00000000178003c8                __v7_flush_dcache_all
                0x000000001780045c                v7_flush_dcache_all
                0x000000001780046c                __v7_invalidate_dcache_all
                0x0000000017800500                v7_invalidate_dcache_all
                0x0000000017800510                lowlevel_init
 .text.invalidate_icache_all
                0x0000000017800534       0x18 arch/arm/cpu/armv7/built-in.o
                0x0000000017800534                invalidate_icache_all
 .text.flush_dcache_all
                0x000000001780054c       0x10 arch/arm/cpu/armv7/built-in.o
                0x000000001780054c                flush_dcache_all
 .text.invalidate_dcache_all
                0x000000001780055c       0x10 arch/arm/cpu/armv7/built-in.o
                0x000000001780055c                invalidate_dcache_all
 .text.arm_init_before_mmu
                0x000000001780056c       0x28 arch/arm/cpu/armv7/built-in.o
                0x000000001780056c                arm_init_before_mmu
 .text.flush_dcache_range
                0x0000000017800594       0x38 arch/arm/cpu/armv7/built-in.o
                0x0000000017800594                flush_dcache_range
 .text.mmu_page_table_flush
                0x00000000178005cc       0x24 arch/arm/cpu/armv7/built-in.o
                0x00000000178005cc                mmu_page_table_flush
 .text.invalidate_dcache_range
                0x00000000178005f0       0xa8 arch/arm/cpu/armv7/built-in.o
                0x00000000178005f0                invalidate_dcache_range
 .text.cpu_cache_initialization
                0x0000000017800698        0x4 arch/arm/cpu/armv7/built-in.o
                0x0000000017800698                cpu_cache_initialization
 .text.cleanup_before_linux_select
                0x000000001780069c       0x4c arch/arm/cpu/armv7/built-in.o
                0x000000001780069c                cleanup_before_linux_select
 .text.cleanup_before_linux
                0x00000000178006e8        0x8 arch/arm/cpu/armv7/built-in.o
                0x00000000178006e8                cleanup_before_linux
 .text.get_nr_cpus
                0x00000000178006f0       0x10 arch/arm/cpu/armv7/built-in.o
                0x00000000178006f0                get_nr_cpus
 .text.get_cpu_rev
                0x0000000017800700       0x90 arch/arm/cpu/armv7/built-in.o
                0x0000000017800700                get_cpu_rev
 .text.get_cpu_speed_grade_hz
                0x0000000017800790       0xa0 arch/arm/cpu/armv7/built-in.o
                0x0000000017800790                get_cpu_speed_grade_hz
 .text.get_cpu_temp_grade
                0x0000000017800830       0x68 arch/arm/cpu/armv7/built-in.o
                0x0000000017800830                get_cpu_temp_grade
 .text.get_board_rev
                0x0000000017800898       0x30 arch/arm/cpu/armv7/built-in.o
                0x0000000017800898                get_board_rev
 .text.arch_cpu_init
                0x00000000178008c8       0xd0 arch/arm/cpu/armv7/built-in.o
                0x00000000178008c8                arch_cpu_init
 .text.mmc_get_env_dev
                0x0000000017800998       0x28 arch/arm/cpu/armv7/built-in.o
                0x0000000017800998                mmc_get_env_dev
 .text.board_postclk_init
                0x00000000178009c0       0x58 arch/arm/cpu/armv7/built-in.o
                0x00000000178009c0                board_postclk_init
 .text.imx_get_mac_from_fuse
                0x0000000017800a18       0xa8 arch/arm/cpu/armv7/built-in.o
                0x0000000017800a18                imx_get_mac_from_fuse
 .text.reset_misc
                0x0000000017800ac0        0x4 arch/arm/cpu/armv7/built-in.o
                0x0000000017800ac0                reset_misc
 .text.s_init   0x0000000017800ac4       0x88 arch/arm/cpu/armv7/built-in.o
                0x0000000017800ac4                s_init
 .text.imx_enable_hdmi_phy
                0x0000000017800b4c       0x4c arch/arm/cpu/armv7/built-in.o
                0x0000000017800b4c                imx_enable_hdmi_phy
 .text.imx_setup_hdmi
                0x0000000017800b98       0x78 arch/arm/cpu/armv7/built-in.o
                0x0000000017800b98                imx_setup_hdmi
 .text.get_ipg_clk
                0x0000000017800c10       0x28 arch/arm/cpu/armv7/built-in.o
 .text.get_uart_clk
                0x0000000017800c38       0xb8 arch/arm/cpu/armv7/built-in.o
 .text.mxc_get_pll_pfd
                0x0000000017800cf0       0xbc arch/arm/cpu/armv7/built-in.o
 .text.get_usdhc_clk
                0x0000000017800dac       0x8c arch/arm/cpu/armv7/built-in.o
 .text.enable_ocotp_clk
                0x0000000017800e38       0x24 arch/arm/cpu/armv7/built-in.o
                0x0000000017800e38                enable_ocotp_clk
 .text.enable_usboh3_clk
                0x0000000017800e5c       0x24 arch/arm/cpu/armv7/built-in.o
                0x0000000017800e5c                enable_usboh3_clk
 .text.enable_i2c_clk
                0x0000000017800e80       0xa8 arch/arm/cpu/armv7/built-in.o
                0x0000000017800e80                enable_i2c_clk
 .text.get_periph_clk
                0x0000000017800f28       0xdc arch/arm/cpu/armv7/built-in.o
                0x0000000017800f28                get_periph_clk
 .text.get_axi_clk
                0x0000000017801004       0x4c arch/arm/cpu/armv7/built-in.o
 .text.imx_get_uartclk
                0x0000000017801050        0x4 arch/arm/cpu/armv7/built-in.o
                0x0000000017801050                imx_get_uartclk
 .text.enable_pcie_clock
                0x0000000017801054       0xb8 arch/arm/cpu/armv7/built-in.o
                0x0000000017801054                enable_pcie_clock
 .text.enable_thermal_clk
                0x000000001780110c       0x48 arch/arm/cpu/armv7/built-in.o
                0x000000001780110c                enable_thermal_clk
 .text.mxc_get_clock
                0x0000000017801154      0x444 arch/arm/cpu/armv7/built-in.o
                0x0000000017801154                mxc_get_clock
 .text.imx_get_fecclk
                0x0000000017801598        0x8 arch/arm/cpu/armv7/built-in.o
                0x0000000017801598                imx_get_fecclk
 .text.do_mx6_showclocks
                0x00000000178015a0      0x268 arch/arm/cpu/armv7/built-in.o
                0x00000000178015a0                do_mx6_showclocks
 .text.enable_ipu_clock
                0x0000000017801808       0x58 arch/arm/cpu/armv7/built-in.o
                0x0000000017801808                enable_ipu_clock
 .text.cpu_reset
                0x0000000017801860       0x28 arch/arm/cpu/armv7/built-in.o
                0x0000000017801860                cpu_reset
 .text.cpu_status
                0x0000000017801888       0x40 arch/arm/cpu/armv7/built-in.o
                0x0000000017801888                cpu_status
 .text.cpu_release
                0x00000000178018c8       0x84 arch/arm/cpu/armv7/built-in.o
                0x00000000178018c8                cpu_release
 .text.is_core_valid
                0x000000001780194c       0x1c arch/arm/cpu/armv7/built-in.o
                0x000000001780194c                is_core_valid
 .text.cpu_disable
                0x0000000017801968       0x28 arch/arm/cpu/armv7/built-in.o
                0x0000000017801968                cpu_disable
 .text.imx_iomux_v3_setup_pad
                0x0000000017801990       0xd0 arch/arm/imx-common/built-in.o
                0x0000000017801990                imx_iomux_v3_setup_pad
 .text.imx_iomux_v3_setup_multiple_pads
                0x0000000017801a60       0x2c arch/arm/imx-common/built-in.o
                0x0000000017801a60                imx_iomux_v3_setup_multiple_pads
 .text.imx_iomux_set_gpr_register
                0x0000000017801a8c       0x3c arch/arm/imx-common/built-in.o
                0x0000000017801a8c                imx_iomux_set_gpr_register
 .text.timer_init
                0x0000000017801ac8      0x128 arch/arm/imx-common/built-in.o
                0x0000000017801ac8                timer_init
 .text.timer_read_counter
                0x0000000017801bf0       0x10 arch/arm/imx-common/built-in.o
                0x0000000017801bf0                timer_read_counter
 .text.get_tbclk
                0x0000000017801c00       0x90 arch/arm/imx-common/built-in.o
                0x0000000017801c00                get_tbclk
 .text.imx_ddr_size
                0x0000000017801c90       0x64 arch/arm/imx-common/built-in.o
                0x0000000017801c90                imx_ddr_size
 .text.get_imx_type
                0x0000000017801cf4       0x20 arch/arm/imx-common/built-in.o
                0x0000000017801cf4                get_imx_type
 .text.print_cpuinfo
                0x0000000017801d14      0x228 arch/arm/imx-common/built-in.o
                0x0000000017801d14                print_cpuinfo
 .text.cpu_eth_init
                0x0000000017801f3c        0x4 arch/arm/imx-common/built-in.o
                0x0000000017801f3c                cpu_eth_init
 .text.cpu_mmc_init
                0x0000000017801f40        0x4 arch/arm/imx-common/built-in.o
                0x0000000017801f40                cpu_mmc_init
 .text.get_ahb_clk
                0x0000000017801f44       0x24 arch/arm/imx-common/built-in.o
                0x0000000017801f44                get_ahb_clk
 .text.arch_preboot_os
                0x0000000017801f68        0x4 arch/arm/imx-common/built-in.o
                0x0000000017801f68                arch_preboot_os
 .text.get_clocks
                0x0000000017801f6c       0x1c arch/arm/imx-common/built-in.o
                0x0000000017801f6c                get_clocks
 .text.force_idle_bus
                0x0000000017801f88      0x124 arch/arm/imx-common/built-in.o
                0x0000000017801f88                force_idle_bus
 .text.setup_i2c
                0x00000000178020ac       0xe4 arch/arm/imx-common/built-in.o
                0x00000000178020ac                setup_i2c
 .text.enable_caches
                0x0000000017802190       0x34 arch/arm/imx-common/built-in.o
                0x0000000017802190                enable_caches
 .text.v7_outer_cache_enable
                0x00000000178021c4       0x54 arch/arm/imx-common/built-in.o
                0x00000000178021c4                v7_outer_cache_enable
 .text.v7_outer_cache_disable
                0x0000000017802218       0x18 arch/arm/imx-common/built-in.o
                0x0000000017802218                v7_outer_cache_disable
 .text.init_aips
                0x0000000017802230       0xb0 arch/arm/imx-common/built-in.o
                0x0000000017802230                init_aips
 .text.imx_set_wdog_powerdown
                0x00000000178022e0       0x80 arch/arm/imx-common/built-in.o
                0x00000000178022e0                imx_set_wdog_powerdown
 .text.init_src
                0x0000000017802360       0x18 arch/arm/imx-common/built-in.o
                0x0000000017802360                init_src
 .text.boot_mode_apply
                0x0000000017802378       0x24 arch/arm/imx-common/built-in.o
                0x0000000017802378                boot_mode_apply
 .text.board_video_skip
                0x000000001780239c      0x16c arch/arm/imx-common/built-in.o
                0x000000001780239c                board_video_skip
 .text.detect_hdmi
                0x0000000017802508       0x18 arch/arm/imx-common/built-in.o
                0x0000000017802508                detect_hdmi
 .text.create_usage
                0x0000000017802520       0xac arch/arm/imx-common/built-in.o
 .text.do_boot_mode
                0x00000000178025cc       0xd4 arch/arm/imx-common/built-in.o
 .text.add_board_boot_modes
                0x00000000178026a0       0x60 arch/arm/imx-common/built-in.o
                0x00000000178026a0                add_board_boot_modes
 .text          0x0000000017802700       0x90 arch/arm/lib/built-in.o
                0x0000000017802700                _main
 .text.relocate_vectors
                0x0000000017802790       0x70 arch/arm/lib/built-in.o
                0x0000000017802790                relocate_vectors
                0x000000001780279c                relocate_code
 .text.arch_fixup_fdt
                0x0000000017802800       0x38 arch/arm/lib/built-in.o
                0x0000000017802800                arch_fixup_fdt
 .text.boot_jump_linux
                0x0000000017802838       0xc4 arch/arm/lib/built-in.o
 .text.arch_lmb_reserve
                0x00000000178028fc       0x24 arch/arm/lib/built-in.o
                0x00000000178028fc                arch_lmb_reserve
 .text.setup_board_tags
                0x0000000017802920        0x4 arch/arm/lib/built-in.o
                0x0000000017802920                setup_board_tags
 .text.boot_prep_linux
                0x0000000017802924      0x1d4 arch/arm/lib/built-in.o
 .text.do_bootm_linux
                0x0000000017802af8       0x64 arch/arm/lib/built-in.o
                0x0000000017802af8                do_bootm_linux
 .text.bootz_setup
                0x0000000017802b5c       0x58 arch/arm/lib/built-in.o
                0x0000000017802b5c                bootz_setup
 .text.boot_prep_vxworks
                0x0000000017802bb4       0x50 arch/arm/lib/built-in.o
                0x0000000017802bb4                boot_prep_vxworks
 .text.boot_jump_vxworks
                0x0000000017802c04        0xc arch/arm/lib/built-in.o
                0x0000000017802c04                boot_jump_vxworks
 .text.pl310_background_op_all_ways
                0x0000000017802c10       0x38 arch/arm/lib/built-in.o
 .text.v7_outer_cache_inval_all
                0x0000000017802c48        0xc arch/arm/lib/built-in.o
                0x0000000017802c48                v7_outer_cache_inval_all
 .text.v7_outer_cache_flush_all
                0x0000000017802c54        0xc arch/arm/lib/built-in.o
                0x0000000017802c54                v7_outer_cache_flush_all
 .text.v7_outer_cache_flush_range
                0x0000000017802c60       0x30 arch/arm/lib/built-in.o
                0x0000000017802c60                v7_outer_cache_flush_range
 .text.v7_outer_cache_inval_range
                0x0000000017802c90       0x80 arch/arm/lib/built-in.o
                0x0000000017802c90                v7_outer_cache_inval_range
 .text.arch_reserve_stacks
                0x0000000017802d10       0x1c arch/arm/lib/built-in.o
                0x0000000017802d10                arch_reserve_stacks
 .text.interrupt_init
                0x0000000017802d2c       0x1c arch/arm/lib/built-in.o
                0x0000000017802d2c                interrupt_init
 .text.enable_interrupts
                0x0000000017802d48        0x4 arch/arm/lib/built-in.o
                0x0000000017802d48                enable_interrupts
 .text.disable_interrupts
                0x0000000017802d4c        0x8 arch/arm/lib/built-in.o
                0x0000000017802d4c                disable_interrupts
 .text.bad_mode
                0x0000000017802d54       0x10 arch/arm/lib/built-in.o
                0x0000000017802d54                bad_mode
 .text.show_regs
                0x0000000017802d64      0x174 arch/arm/lib/built-in.o
                0x0000000017802d64                show_regs
 .text.do_undefined_instruction
                0x0000000017802ed8       0x24 arch/arm/lib/built-in.o
                0x0000000017802ed8                do_undefined_instruction
 .text.do_software_interrupt
                0x0000000017802efc       0x24 arch/arm/lib/built-in.o
                0x0000000017802efc                do_software_interrupt
 .text.do_prefetch_abort
                0x0000000017802f20       0x24 arch/arm/lib/built-in.o
                0x0000000017802f20                do_prefetch_abort
 .text.do_data_abort
                0x0000000017802f44       0x24 arch/arm/lib/built-in.o
                0x0000000017802f44                do_data_abort
 .text.do_not_used
                0x0000000017802f68       0x24 arch/arm/lib/built-in.o
                0x0000000017802f68                do_not_used
 .text.do_fiq   0x0000000017802f8c       0x24 arch/arm/lib/built-in.o
                0x0000000017802f8c                do_fiq
 .text.do_irq   0x0000000017802fb0       0x24 arch/arm/lib/built-in.o
                0x0000000017802fb0                do_irq
 .text.do_reset
                0x0000000017802fd4       0x30 arch/arm/lib/built-in.o
                0x0000000017802fd4                do_reset
 .text.flush_cache
                0x0000000017803004        0x8 arch/arm/lib/built-in.o
                0x0000000017803004                flush_cache
 .text.cp_delay
                0x000000001780300c       0x30 arch/arm/lib/built-in.o
 .text.arm_init_domains
                0x000000001780303c        0x4 arch/arm/lib/built-in.o
                0x000000001780303c                arm_init_domains
 .text.set_section_dcache
                0x0000000017803040       0x14 arch/arm/lib/built-in.o
                0x0000000017803040                set_section_dcache
 .text.mmu_set_region_dcache_behaviour
                0x0000000017803054       0x4c arch/arm/lib/built-in.o
                0x0000000017803054                mmu_set_region_dcache_behaviour
 .text.dram_bank_mmu_setup
                0x00000000178030a0       0x44 arch/arm/lib/built-in.o
                0x00000000178030a0                dram_bank_mmu_setup
 .text.icache_enable
                0x00000000178030e4       0x18 arch/arm/lib/built-in.o
                0x00000000178030e4                icache_enable
 .text.icache_disable
                0x00000000178030fc       0x20 arch/arm/lib/built-in.o
                0x00000000178030fc                icache_disable
 .text.icache_status
                0x000000001780311c        0xc arch/arm/lib/built-in.o
                0x000000001780311c                icache_status
 .text.dcache_enable
                0x0000000017803128       0x7c arch/arm/lib/built-in.o
                0x0000000017803128                dcache_enable
 .text.dcache_disable
                0x00000000178031a4       0x2c arch/arm/lib/built-in.o
                0x00000000178031a4                dcache_disable
 .text.dcache_status
                0x00000000178031d0        0xc arch/arm/lib/built-in.o
                0x00000000178031d0                dcache_status
 .text.pfuze_mode_init
                0x00000000178031dc       0xd4 board/freescale/common/built-in.o
                0x00000000178031dc                pfuze_mode_init
 .text.pfuze_common_init
                0x00000000178032b0      0x10c board/freescale/common/built-in.o
                0x00000000178032b0                pfuze_common_init
 .text.enable_rgb
                0x00000000178033bc       0x24 board/freescale/mx6sabresd/built-in.o
 .text.do_enable_hdmi
                0x00000000178033e0       0x18 board/freescale/mx6sabresd/built-in.o
 .text.dram_init
                0x00000000178033f8       0x18 board/freescale/mx6sabresd/built-in.o
                0x00000000178033f8                dram_init
 .text.board_mmc_get_env_dev
                0x0000000017803410        0x8 board/freescale/mx6sabresd/built-in.o
                0x0000000017803410                board_mmc_get_env_dev
 .text.board_mmc_getcd
                0x0000000017803418       0x60 board/freescale/mx6sabresd/built-in.o
                0x0000000017803418                board_mmc_getcd
 .text.board_mmc_init
                0x0000000017803478       0xb8 board/freescale/mx6sabresd/built-in.o
                0x0000000017803478                board_mmc_init
 .text.overwrite_console
                0x0000000017803530        0x8 board/freescale/mx6sabresd/built-in.o
                0x0000000017803530                overwrite_console
 .text.board_eth_init
                0x0000000017803538       0x5c board/freescale/mx6sabresd/built-in.o
                0x0000000017803538                board_eth_init
 .text.board_ehci_hcd_init
                0x0000000017803594       0x28 board/freescale/mx6sabresd/built-in.o
                0x0000000017803594                board_ehci_hcd_init
 .text.board_ehci_power
                0x00000000178035bc       0x48 board/freescale/mx6sabresd/built-in.o
                0x00000000178035bc                board_ehci_power
 .text.board_early_init_f
                0x0000000017803604       0x8c board/freescale/mx6sabresd/built-in.o
                0x0000000017803604                board_early_init_f
 .text.board_init
                0x0000000017803690       0x7c board/freescale/mx6sabresd/built-in.o
                0x0000000017803690                board_init
 .text.power_init_board
                0x000000001780370c       0x8c board/freescale/mx6sabresd/built-in.o
                0x000000001780370c                power_init_board
 .text.board_spi_cs_gpio
                0x0000000017803798       0x10 board/freescale/mx6sabresd/built-in.o
                0x0000000017803798                board_spi_cs_gpio
 .text.board_late_init
                0x00000000178037a8       0xbc board/freescale/mx6sabresd/built-in.o
                0x00000000178037a8                board_late_init
 .text.checkboard
                0x0000000017803864       0x18 board/freescale/mx6sabresd/built-in.o
                0x0000000017803864                checkboard
 .text.do_go_exec
                0x000000001780387c       0x10 cmd/built-in.o
                0x000000001780387c                do_go_exec
 .text.do_go    0x000000001780388c       0x6c cmd/built-in.o
 .text.do_bootm
                0x00000000178038f8      0x10c cmd/built-in.o
                0x00000000178038f8                do_bootm
 .text.do_bootd
                0x0000000017803a04       0x20 cmd/built-in.o
                0x0000000017803a04                do_bootd
 .text.image_info
                0x0000000017803a24       0xcc cmd/built-in.o
 .text.do_iminfo
                0x0000000017803af0       0x5c cmd/built-in.o
 .text.bootm_maybe_autostart
                0x0000000017803b4c       0x78 cmd/built-in.o
                0x0000000017803b4c                bootm_maybe_autostart
 .text.do_bootz
                0x0000000017803bc4       0xf8 cmd/built-in.o
                0x0000000017803bc4                do_bootz
 .text.do_help  0x0000000017803cbc       0x44 cmd/built-in.o
 .text.do_version
                0x0000000017803d00       0x38 cmd/built-in.o
 .text.source   0x0000000017803d38       0xd8 cmd/built-in.o
                0x0000000017803d38                source
 .text.do_source
                0x0000000017803e10       0x44 cmd/built-in.o
 .text.print_num
                0x0000000017803e54       0x14 cmd/built-in.o
 .text.do_bdinfo
                0x0000000017803e68      0x190 cmd/built-in.o
 .text.bootefi_open_dp
                0x0000000017803ff8       0x14 cmd/built-in.o
 .text.do_bootefi_exec
                0x000000001780400c      0x210 cmd/built-in.o
 .text.do_bootefi
                0x000000001780421c       0x8c cmd/built-in.o
 .text.efi_set_bootdev
                0x00000000178042a8       0xcc cmd/built-in.o
                0x00000000178042a8                efi_set_bootdev
 .text.parse_argv
                0x0000000017804374       0x64 cmd/built-in.o
 .text.do_icache
                0x00000000178043d8       0x88 cmd/built-in.o
 .text.do_dcache
                0x0000000017804460       0x88 cmd/built-in.o
 .text.do_coninfo
                0x00000000178044e8       0xb0 cmd/built-in.o
 .text.do_echo  0x0000000017804598       0xb0 cmd/built-in.o
 .text.load_elf_image_shdr
                0x0000000017804648       0x8c cmd/built-in.o
 .text.valid_elf_image
                0x00000000178046d4       0x4c cmd/built-in.o
                0x00000000178046d4                valid_elf_image
 .text.do_bootelf
                0x0000000017804720      0x1b0 cmd/built-in.o
                0x0000000017804720                do_bootelf
 .text.do_bootvx
                0x00000000178048d0      0x330 cmd/built-in.o
                0x00000000178048d0                do_bootvx
 .text.do_exit  0x0000000017804c00       0x3c cmd/built-in.o
 .text.do_ext4_size
                0x0000000017804c3c       0x18 cmd/built-in.o
                0x0000000017804c3c                do_ext4_size
 .text.do_ext4_load
                0x0000000017804c54       0x18 cmd/built-in.o
                0x0000000017804c54                do_ext4_load
 .text.do_ext4_ls
                0x0000000017804c6c       0x18 cmd/built-in.o
                0x0000000017804c6c                do_ext4_ls
 .text.do_ext4_write
                0x0000000017804c84       0x18 cmd/built-in.o
                0x0000000017804c84                do_ext4_write
 .text.do_ext2load
                0x0000000017804c9c       0x18 cmd/built-in.o
                0x0000000017804c9c                do_ext2load
 .text.do_ext2ls
                0x0000000017804cb4       0x18 cmd/built-in.o
 .text.do_fat_size
                0x0000000017804ccc       0x18 cmd/built-in.o
                0x0000000017804ccc                do_fat_size
 .text.do_fat_fsload
                0x0000000017804ce4       0x18 cmd/built-in.o
                0x0000000017804ce4                do_fat_fsload
 .text.do_fat_ls
                0x0000000017804cfc       0x18 cmd/built-in.o
 .text.do_fat_fsinfo
                0x0000000017804d14       0x90 cmd/built-in.o
 .text.fdt_valid
                0x0000000017804da4       0xbc cmd/built-in.o
 .text.is_printable_string
                0x0000000017804e60       0x9c cmd/built-in.o
 .text.print_data
                0x0000000017804efc      0x174 cmd/built-in.o
 .text.set_working_fdt_addr
                0x0000000017805070       0x1c cmd/built-in.o
                0x0000000017805070                set_working_fdt_addr
 .text.do_fdt   0x000000001780508c      0xe48 cmd/built-in.o
 .text.do_size_wrapper
                0x0000000017805ed4       0x18 cmd/built-in.o
 .text.do_load_wrapper
                0x0000000017805eec       0x64 cmd/built-in.o
 .text.do_save_wrapper
                0x0000000017805f50       0x18 cmd/built-in.o
 .text.do_ls_wrapper
                0x0000000017805f68       0x18 cmd/built-in.o
 .text.do_fstype_wrapper
                0x0000000017805f80        0x4 cmd/built-in.o
 .text.strtou32
                0x0000000017805f84       0x44 cmd/built-in.o
 .text.do_fuse  0x0000000017805fc8      0x358 cmd/built-in.o
 .text.name_to_gpio
                0x0000000017806320        0xc cmd/built-in.o
                0x0000000017806320                name_to_gpio
 .text.do_gpio  0x000000001780632c      0x1c8 cmd/built-in.o
 .text.do_i2c   0x00000000178064f4       0x68 cmd/built-in.o
 .text.do_i2c_bus_speed
                0x000000001780655c       0x78 cmd/built-in.o
 .text.do_i2c_reset
                0x00000000178065d4       0x2c cmd/built-in.o
 .text.do_i2c_probe
                0x0000000017806600       0x9c cmd/built-in.o
 .text.do_i2c_bus_num
                0x000000001780669c       0xb8 cmd/built-in.o
 .text.do_i2c_show_bus
                0x0000000017806754       0xd0 cmd/built-in.o
 .text.get_alen.constprop.5
                0x0000000017806824       0x3c cmd/built-in.o
 .text.do_i2c_crc
                0x0000000017806860      0x120 cmd/built-in.o
 .text.mod_i2c_mem.isra.3
                0x0000000017806980      0x1f0 cmd/built-in.o
 .text.do_i2c_nm
                0x0000000017806b70        0x8 cmd/built-in.o
 .text.do_i2c_mm
                0x0000000017806b78        0x8 cmd/built-in.o
 .text.do_i2c_md
                0x0000000017806b80      0x1e4 cmd/built-in.o
 .text.do_i2c_read
                0x0000000017806d64       0xbc cmd/built-in.o
 .text.do_i2c_mw
                0x0000000017806e20       0xfc cmd/built-in.o
 .text.do_i2c_write
                0x0000000017806f1c      0x14c cmd/built-in.o
 .text.do_i2c_loop
                0x0000000017807068       0xe4 cmd/built-in.o
 .text.i2c_init_board
                0x000000001780714c        0x4 cmd/built-in.o
                0x000000001780714c                i2c_init_board
 .text.evalexp  0x0000000017807150       0x78 cmd/built-in.o
 .text.evalstr  0x00000000178071c8       0x6c cmd/built-in.o
 .text.binary_test
                0x0000000017807234      0x1c0 cmd/built-in.o
 .text.do_itest
                0x00000000178073f4       0x88 cmd/built-in.o
 .text.bin_data_init
                0x000000001780747c       0x2c cmd/built-in.o
 .text.k_data_save
                0x00000000178074a8       0x4c cmd/built-in.o
 .text.k_data_restore
                0x00000000178074f4       0x4c cmd/built-in.o
 .text.getcxmodem
                0x0000000017807540       0x20 cmd/built-in.o
 .text.load_serial_ymodem
                0x0000000017807560       0xcc cmd/built-in.o
 .text.bin_data_char
                0x000000001780762c       0x2c cmd/built-in.o
 .text.chk1.constprop.1
                0x0000000017807658       0x2c cmd/built-in.o
 .text.s1_sendpacket.constprop.2
                0x0000000017807684       0x50 cmd/built-in.o
 .text.load_serial
                0x00000000178076d4      0x1f0 cmd/built-in.o
 .text.do_load_serial
                0x00000000178078c4       0xdc cmd/built-in.o
 .text.do_load_serial_bin
                0x00000000178079a0      0x7a4 cmd/built-in.o
 .text.do_mem_mw
                0x0000000017808144       0xc0 cmd/built-in.o
 .text.do_mem_loop
                0x0000000017808204       0xec cmd/built-in.o
 .text.do_mem_md
                0x00000000178082f0       0xe4 cmd/built-in.o
 .text.do_mem_cmp
                0x00000000178083d4      0x168 cmd/built-in.o
 .text.do_mem_base
                0x000000001780853c       0x40 cmd/built-in.o
 .text.do_mem_cp
                0x000000001780857c       0xd8 cmd/built-in.o
 .text.do_mem_crc
                0x0000000017808654       0x48 cmd/built-in.o
 .text.mod_mem.isra.0
                0x000000001780869c      0x16c cmd/built-in.o
 .text.do_mem_mm
                0x0000000017808808        0x8 cmd/built-in.o
 .text.do_mem_nm
                0x0000000017808810        0x8 cmd/built-in.o
 .text.extract_range
                0x0000000017808818       0xe4 cmd/built-in.o
 .text.do_mii   0x00000000178088fc      0x8f0 cmd/built-in.o
 .text.do_mdio  0x00000000178091ec      0x4ec cmd/built-in.o
 .text.do_sleep
                0x00000000178096d8       0x70 cmd/built-in.o
 .text.do_mmcops
                0x0000000017809748       0xb8 cmd/built-in.o
 .text.init_mmc_device
                0x0000000017809800       0x54 cmd/built-in.o
 .text.do_mmc_rescan
                0x0000000017809854       0x24 cmd/built-in.o
 .text.do_mmc_rst_func
                0x0000000017809878       0xa0 cmd/built-in.o
 .text.do_mmc_partconf
                0x0000000017809918       0xb4 cmd/built-in.o
 .text.do_mmc_boot_resize
                0x00000000178099cc       0xcc cmd/built-in.o
 .text.do_mmc_bootbus
                0x0000000017809a98       0xb4 cmd/built-in.o
 .text.do_mmc_hwpartition
                0x0000000017809b4c      0x510 cmd/built-in.o
 .text.do_mmc_list
                0x000000001780a05c       0x14 cmd/built-in.o
 .text.do_mmc_dev
                0x000000001780a070      0x134 cmd/built-in.o
 .text.do_mmc_part
                0x000000001780a1a4       0x5c cmd/built-in.o
 .text.do_mmc_erase
                0x000000001780a200       0xe8 cmd/built-in.o
 .text.do_mmc_write
                0x000000001780a2e8      0x100 cmd/built-in.o
 .text.do_mmc_read
                0x000000001780a3e8       0xec cmd/built-in.o
 .text.do_mmcinfo
                0x000000001780a4d4      0x370 cmd/built-in.o
 .text.do_mmc_setdsr
                0x000000001780a844       0xb0 cmd/built-in.o
 .text.cpu_cmd  0x000000001780a8f4      0x160 cmd/built-in.o
 .text.netboot_common
                0x000000001780aa54      0x294 cmd/built-in.o
 .text.do_bootp
                0x000000001780ace8        0xc cmd/built-in.o
 .text.do_dhcp  0x000000001780acf4        0xc cmd/built-in.o
 .text.do_nfs   0x000000001780ad00        0xc cmd/built-in.o
 .text.do_tftpb
                0x000000001780ad0c       0x40 cmd/built-in.o
                0x000000001780ad0c                do_tftpb
 .text.do_ping  0x000000001780ad4c       0x78 cmd/built-in.o
 .text.pci_cfg_write
                0x000000001780adc4       0x3c cmd/built-in.o
 .text.pci_read_config
                0x000000001780ae00       0x48 cmd/built-in.o
 .text.pci_show_regs
                0x000000001780ae48       0x84 cmd/built-in.o
 .text.pci_cfg_modify.isra.1
                0x000000001780aecc      0x104 cmd/built-in.o
 .text.pci_header_show
                0x000000001780afd0       0xc0 cmd/built-in.o
                0x000000001780afd0                pci_header_show
 .text.pciinfo_header
                0x000000001780b090       0x3c cmd/built-in.o
                0x000000001780b090                pciinfo_header
 .text.pci_header_show_brief
                0x000000001780b0cc       0x80 cmd/built-in.o
                0x000000001780b0cc                pci_header_show_brief
 .text.pciinfo  0x000000001780b14c      0x130 cmd/built-in.o
                0x000000001780b14c                pciinfo
 .text.do_pci   0x000000001780b27c      0x3a8 cmd/built-in.o
 .text.bytes_per_second
                0x000000001780b624       0x50 cmd/built-in.o
 .text.do_spi_flash
                0x000000001780b674      0x868 cmd/built-in.o
 .text.substitute
                0x000000001780bedc       0xf0 cmd/built-in.o
 .text.get_arg  0x000000001780bfcc       0x58 cmd/built-in.o
 .text.regex_sub
                0x000000001780c024      0x450 cmd/built-in.o
 .text.do_setexpr
                0x000000001780c474      0x1a0 cmd/built-in.o
 .text.do_false
                0x000000001780c614        0x8 cmd/built-in.o
 .text.do_true  0x000000001780c61c        0x8 cmd/built-in.o
 .text.do_test  0x000000001780c624      0x338 cmd/built-in.o
 .text.usb_get_class_desc
                0x000000001780c95c       0xbc cmd/built-in.o
 .text.usb_find_device
                0x000000001780ca18       0x3c cmd/built-in.o
 .text.usb_show_tree_graph
                0x000000001780ca54      0x228 cmd/built-in.o
 .text.usb_display_class_sub
                0x000000001780cc7c      0x170 cmd/built-in.o
 .text.usb_display_string
                0x000000001780cdec       0x44 cmd/built-in.o
 .text.usb_display_config
                0x000000001780ce30      0x20c cmd/built-in.o
 .text.do_usbboot
                0x000000001780d03c        0xc cmd/built-in.o
 .text.usb_display_desc.part.1
                0x000000001780d048      0x12c cmd/built-in.o
 .text.do_usb_start
                0x000000001780d174       0x38 cmd/built-in.o
 .text.usb_show_tree
                0x000000001780d1ac       0x54 cmd/built-in.o
                0x000000001780d1ac                usb_show_tree
 .text.do_usb   0x000000001780d200      0x750 cmd/built-in.o
 .text.do_fastboot
                0x000000001780d950       0xd8 cmd/built-in.o
 .text.ums_read_sector
                0x000000001780da28       0x20 cmd/built-in.o
 .text.ums_write_sector
                0x000000001780da48       0x20 cmd/built-in.o
 .text.ums_fini
                0x000000001780da68       0x60 cmd/built-in.o
 .text.do_usb_mass_storage
                0x000000001780dac8      0x380 cmd/built-in.o
                0x000000001780dac8                do_usb_mass_storage
 .text.do_imgextract
                0x000000001780de48      0x290 cmd/built-in.o
 .text.do_dfu   0x000000001780e0d8      0x17c cmd/built-in.o
 .text.do_env_delete
                0x000000001780e254       0x9c cmd/built-in.o
 .text.do_env_exists
                0x000000001780e2f0       0x64 cmd/built-in.o
 .text.do_env_save
                0x000000001780e354       0x2c cmd/built-in.o
 .text.do_env   0x000000001780e380       0x68 cmd/built-in.o
 .text.env_print
                0x000000001780e3e8       0xc0 cmd/built-in.o
 .text.do_env_print
                0x000000001780e4a8       0xc4 cmd/built-in.o
 .text.do_env_import
                0x000000001780e56c      0x284 cmd/built-in.o
 .text.do_env_default
                0x000000001780e7f0       0xa8 cmd/built-in.o
 .text._do_env_set.isra.0
                0x000000001780e898      0x1bc cmd/built-in.o
 .text.do_env_set
                0x000000001780ea54       0x20 cmd/built-in.o
 .text.get_env_id
                0x000000001780ea74       0x10 cmd/built-in.o
                0x000000001780ea74                get_env_id
 .text.setenv   0x000000001780ea84       0x60 cmd/built-in.o
                0x000000001780ea84                setenv
 .text.setenv_ulong
                0x000000001780eae4       0x20 cmd/built-in.o
                0x000000001780eae4                setenv_ulong
 .text.setenv_hex
                0x000000001780eb04       0x34 cmd/built-in.o
                0x000000001780eb04                setenv_hex
 .text.do_env_export
                0x000000001780eb38      0x258 cmd/built-in.o
 .text.envmatch
                0x000000001780ed90       0x6c cmd/built-in.o
                0x000000001780ed90                envmatch
 .text.getenv_f
                0x000000001780edfc       0xc0 cmd/built-in.o
                0x000000001780edfc                getenv_f
 .text.getenv   0x000000001780eebc       0x78 cmd/built-in.o
                0x000000001780eebc                getenv
 .text.getenv_hex
                0x000000001780ef34       0x3c cmd/built-in.o
                0x000000001780ef34                getenv_hex
 .text.getenv_ulong
                0x000000001780ef70       0x30 cmd/built-in.o
                0x000000001780ef70                getenv_ulong
 .text.do_env_edit.part.2
                0x000000001780efa0       0xa4 cmd/built-in.o
 .text.do_env_edit
                0x000000001780f044       0x2c cmd/built-in.o
 .text.common_diskboot
                0x000000001780f070      0x234 cmd/built-in.o
                0x000000001780f070                common_diskboot
 .text.board_init_f_alloc_reserve
                0x000000001780f2a4        0xc common/built-in.o
                0x000000001780f2a4                board_init_f_alloc_reserve
 .text.board_init_f_init_reserve
                0x000000001780f2b0       0x20 common/built-in.o
                0x000000001780f2b0                board_init_f_init_reserve
 .text.show_boot_progress
                0x000000001780f2d0        0x4 common/built-in.o
                0x000000001780f2d0                show_boot_progress
 .text.main_loop
                0x000000001780f2d4       0x28 common/built-in.o
                0x000000001780f2d4                main_loop
 .text.dummy    0x000000001780f2fc        0x4 common/built-in.o
 .text.get_version
                0x000000001780f300        0x8 common/built-in.o
                0x000000001780f300                get_version
 .text.jumptable_init
                0x000000001780f308      0x1e0 common/built-in.o
                0x000000001780f308                jumptable_init
 .text.hash_finish_crc32
                0x000000001780f4e8       0x30 common/built-in.o
 .text.hash_update_crc32
                0x000000001780f518       0x24 common/built-in.o
 .text.hash_init_crc32
                0x000000001780f53c       0x24 common/built-in.o
 .text.hash_lookup_algo
                0x000000001780f560       0x28 common/built-in.o
                0x000000001780f560                hash_lookup_algo
 .text.hash_command
                0x000000001780f588       0xb4 common/built-in.o
                0x000000001780f588                hash_command
 .text.b_reset  0x000000001780f63c       0x1c common/built-in.o
 .text.static_get
                0x000000001780f658       0x1c common/built-in.o
 .text.file_peek
                0x000000001780f674        0xc common/built-in.o
 .text.mapset   0x000000001780f680       0x20 common/built-in.o
 .text.syntax_err
                0x000000001780f6a0        0xc common/built-in.o
 .text.free_pipe_list
                0x000000001780f6ac       0xf4 common/built-in.o
 .text.xmalloc  0x000000001780f7a0       0x20 common/built-in.o
 .text.new_pipe
                0x000000001780f7c0       0x28 common/built-in.o
 .text.xrealloc
                0x000000001780f7e8       0x20 common/built-in.o
 .text.done_command
                0x000000001780f808       0x88 common/built-in.o
 .text.done_pipe
                0x000000001780f890       0x48 common/built-in.o
 .text.done_word
                0x000000001780f8d8      0x2e4 common/built-in.o
 .text.do_showvar
                0x000000001780fbbc       0xf4 common/built-in.o
 .text.is_assignment
                0x000000001780fcb0       0x5c common/built-in.o
 .text.file_get
                0x000000001780fd0c      0x1f0 common/built-in.o
 .text.b_addchr
                0x000000001780fefc       0x80 common/built-in.o
 .text.b_addqchr
                0x000000001780ff7c       0x50 common/built-in.o
 .text.static_peek
                0x000000001780ffcc        0xc common/built-in.o
 .text.get_local_var
                0x000000001780ffd8       0xa0 common/built-in.o
                0x000000001780ffd8                get_local_var
 .text.set_local_var
                0x0000000017810078      0x1bc common/built-in.o
                0x0000000017810078                set_local_var
 .text.insert_var_value_sub
                0x0000000017810234      0x2c0 common/built-in.o
 .text.parse_string_outer
                0x00000000178104f4       0xe4 common/built-in.o
                0x00000000178104f4                parse_string_outer
 .text.run_list_real
                0x00000000178105d8      0x7b8 common/built-in.o
 .text.parse_stream_outer
                0x0000000017810d90      0x6d0 common/built-in.o
 .text.parse_file_outer
                0x0000000017811460       0x44 common/built-in.o
                0x0000000017811460                parse_file_outer
 .text.u_boot_hush_start
                0x00000000178114a4       0x54 common/built-in.o
                0x00000000178114a4                u_boot_hush_start
 .text.bootdelay_process
                0x00000000178114f8       0x50 common/built-in.o
                0x00000000178114f8                bootdelay_process
 .text.autoboot_command
                0x0000000017811548       0xd0 common/built-in.o
                0x0000000017811548                autoboot_command
 .text.setup_mon_len
                0x0000000017811618       0x20 common/built-in.o
 .text.reserve_round_4k
                0x0000000017811638       0x18 common/built-in.o
 .text.reserve_mmu
                0x0000000017811650       0x38 common/built-in.o
 .text.reserve_uboot
                0x0000000017811688       0x30 common/built-in.o
 .text.reserve_malloc
                0x00000000178116b8       0x18 common/built-in.o
 .text.setup_machine
                0x00000000178116d0       0x14 common/built-in.o
 .text.reserve_global_data
                0x00000000178116e4       0x1c common/built-in.o
 .text.reserve_fdt
                0x0000000017811700       0x4c common/built-in.o
 .text.initf_console_record
                0x000000001781174c        0x8 common/built-in.o
 .text.arch_cpu_init_dm
                0x0000000017811754        0x8 common/built-in.o
                0x0000000017811754                arch_cpu_init_dm
 .text.announce_dram_init
                0x000000001781175c       0x18 common/built-in.o
 .text.init_func_i2c
                0x0000000017811774       0x28 common/built-in.o
 .text.init_baud_rate
                0x000000001781179c       0x2c common/built-in.o
 .text.mark_bootstage
                0x00000000178117c8       0x14 common/built-in.o
 .text.initf_dm
                0x00000000178117dc        0x8 common/built-in.o
 .text.setup_reloc
                0x00000000178117e4       0x3c common/built-in.o
 .text.reloc_fdt
                0x0000000017811820       0x44 common/built-in.o
 .text.reserve_board
                0x0000000017811864       0x40 common/built-in.o
 .text.reserve_arch
                0x00000000178118a4        0x8 common/built-in.o
                0x00000000178118a4                reserve_arch
 .text.display_text_info
                0x00000000178118ac        0x8 common/built-in.o
 .text.reserve_trace
                0x00000000178118b4        0x8 common/built-in.o
 .text.display_new_sp
                0x00000000178118bc        0x8 common/built-in.o
 .text.coloured_LED_init
                0x00000000178118c4        0x4 common/built-in.o
                0x00000000178118c4                coloured_LED_init
 .text.red_led_on
                0x00000000178118c8        0x4 common/built-in.o
                0x00000000178118c8                red_led_on
 .text.board_add_ram_info
                0x00000000178118cc        0x4 common/built-in.o
                0x00000000178118cc                board_add_ram_info
 .text.show_dram_config
                0x00000000178118d0       0x38 common/built-in.o
 .text.dram_init_banksize
                0x0000000017811908       0x20 common/built-in.o
                0x0000000017811908                dram_init_banksize
 .text.setup_dram_config
                0x0000000017811928       0x10 common/built-in.o
 .text.board_get_usable_ram_top
                0x0000000017811938       0x14 common/built-in.o
                0x0000000017811938                board_get_usable_ram_top
 .text.board_reserve_ram_top
                0x000000001781194c        0x4 common/built-in.o
                0x000000001781194c                board_reserve_ram_top
 .text.setup_dest_addr
                0x0000000017811950       0x4c common/built-in.o
 .text.reserve_stacks
                0x000000001781199c       0x1c common/built-in.o
 .text.board_init_f
                0x00000000178119b8       0x28 common/built-in.o
                0x00000000178119b8                board_init_f
 .text.bootstage_relocate
                0x00000000178119e0        0x8 common/built-in.o
 .text.initr_reloc
                0x00000000178119e8       0x18 common/built-in.o
 .text.initr_announce
                0x0000000017811a00        0x8 common/built-in.o
 .text.run_main_loop
                0x0000000017811a08        0xc common/built-in.o
 .text.initr_net
                0x0000000017811a14       0x1c common/built-in.o
 .text.initr_ethaddr
                0x0000000017811a30       0x20 common/built-in.o
 .text.initr_enable_interrupts
                0x0000000017811a50       0x10 common/built-in.o
 .text.initr_jumptable
                0x0000000017811a60       0x10 common/built-in.o
 .text.initr_pci
                0x0000000017811a70       0x10 common/built-in.o
 .text.initr_env
                0x0000000017811a80       0x30 common/built-in.o
 .text.initr_mmc
                0x0000000017811ab0       0x20 common/built-in.o
 .text.initr_serial
                0x0000000017811ad0       0x10 common/built-in.o
 .text.initr_bootstage
                0x0000000017811ae0       0x14 common/built-in.o
 .text.initr_dm
                0x0000000017811af4       0x14 common/built-in.o
 .text.initr_malloc
                0x0000000017811b08       0x24 common/built-in.o
 .text.initr_reloc_global_data
                0x0000000017811b2c       0x38 common/built-in.o
 .text.initr_caches
                0x0000000017811b64       0x10 common/built-in.o
 .text.initr_console_record
                0x0000000017811b74        0x8 common/built-in.o
 .text.initr_trace
                0x0000000017811b7c        0x8 common/built-in.o
 .text.initr_barrier
                0x0000000017811b84        0x8 common/built-in.o
 .text.cpu_secondary_init_r
                0x0000000017811b8c        0x4 common/built-in.o
                0x0000000017811b8c                cpu_secondary_init_r
 .text.initr_secondary_cpu
                0x0000000017811b90       0x10 common/built-in.o
 .text.board_init_r
                0x0000000017811ba0       0x14 common/built-in.o
                0x0000000017811ba0                board_init_r
 .text.show_board_info
                0x0000000017811bb4        0x4 common/built-in.o
                0x0000000017811bb4                show_board_info
 .text.bootm_find_images
                0x0000000017811bb8       0xa8 common/built-in.o
                0x0000000017811bb8                bootm_find_images
 .text.bootm_decomp_image
                0x0000000017811c60      0x14c common/built-in.o
                0x0000000017811c60                bootm_decomp_image
 .text.bootm_disable_interrupts
                0x0000000017811dac       0x18 common/built-in.o
                0x0000000017811dac                bootm_disable_interrupts
 .text.do_bootm_states
                0x0000000017811dc4      0x7e0 common/built-in.o
                0x0000000017811dc4                do_bootm_states
 .text.copy_args
                0x00000000178125a4       0x50 common/built-in.o
 .text.do_bootm_rtems
                0x00000000178125f4       0x40 common/built-in.o
 .text.do_bootm_plan9
                0x0000000017812634       0xa4 common/built-in.o
 .text.do_bootm_standalone
                0x00000000178126d8       0x64 common/built-in.o
 .text.do_bootm_qnxelf
                0x000000001781273c       0x5c common/built-in.o
 .text.do_bootm_netbsd
                0x0000000017812798       0xf8 common/built-in.o
 .text.do_bootvx_fdt
                0x0000000017812890      0x118 common/built-in.o
                0x0000000017812890                do_bootvx_fdt
 .text.do_bootm_vxworks
                0x00000000178129a8       0x24 common/built-in.o
 .text.boot_selected_os
                0x00000000178129cc       0x58 common/built-in.o
                0x00000000178129cc                boot_selected_os
 .text.bootm_os_get_boot_func
                0x0000000017812a24       0x10 common/built-in.o
                0x0000000017812a24                bootm_os_get_boot_func
 .text.regex_callback
                0x0000000017812a34      0x134 common/built-in.o
 .text.env_attr_walk
                0x0000000017812b68      0x128 common/built-in.o
                0x0000000017812b68                env_attr_walk
 .text.env_attr_lookup
                0x0000000017812c90       0x84 common/built-in.o
                0x0000000017812c90                env_attr_lookup
 .text.clear_callback
                0x0000000017812d14       0x10 common/built-in.o
 .text.find_env_callback
                0x0000000017812d24       0x64 common/built-in.o
 .text.on_callbacks
                0x0000000017812d88       0x50 common/built-in.o
 .text.set_callback
                0x0000000017812dd8       0x98 common/built-in.o
 .text.env_callback_init
                0x0000000017812e70       0xc4 common/built-in.o
                0x0000000017812e70                env_callback_init
 .text.skip_num
                0x0000000017812f34       0x78 common/built-in.o
 .text.clear_flags
                0x0000000017812fac       0x10 common/built-in.o
 .text.on_flags
                0x0000000017812fbc       0x50 common/built-in.o
 .text.env_flags_parse_vartype
                0x000000001781300c       0x50 common/built-in.o
                0x000000001781300c                env_flags_parse_vartype
 .text.env_flags_parse_varaccess
                0x000000001781305c       0x58 common/built-in.o
                0x000000001781305c                env_flags_parse_varaccess
 .text.set_flags
                0x00000000178130b4       0xb0 common/built-in.o
 .text.eth_validate_ethaddr_str
                0x0000000017813164       0x94 common/built-in.o
                0x0000000017813164                eth_validate_ethaddr_str
 .text.env_flags_init
                0x00000000178131f8       0xd8 common/built-in.o
                0x00000000178131f8                env_flags_init
 .text.env_flags_validate
                0x00000000178132d0      0x2b8 common/built-in.o
                0x00000000178132d0                env_flags_validate
 .text.mmc_get_env_addr
                0x0000000017813588       0x10 common/built-in.o
                0x0000000017813588                mmc_get_env_addr
 .text.env_init
                0x0000000017813598       0x1c common/built-in.o
                0x0000000017813598                env_init
 .text.saveenv  0x00000000178135b4      0x11c common/built-in.o
                0x00000000178135b4                saveenv
 .text.env_relocate_spec
                0x00000000178136d0       0xe0 common/built-in.o
                0x00000000178136d0                env_relocate_spec
 .text.fdt_find_and_setprop
                0x00000000178137b0       0x70 common/built-in.o
                0x00000000178137b0                fdt_find_and_setprop
 .text.fdt_find_or_add_subnode
                0x0000000017813820       0x60 common/built-in.o
                0x0000000017813820                fdt_find_or_add_subnode
 .text.fdt_root
                0x0000000017813880       0x90 common/built-in.o
                0x0000000017813880                fdt_root
 .text.fdt_initrd
                0x0000000017813910      0x1cc common/built-in.o
                0x0000000017813910                fdt_initrd
 .text.fdt_chosen
                0x0000000017813adc       0xa8 common/built-in.o
                0x0000000017813adc                fdt_chosen
 .text.do_fixup_by_path
                0x0000000017813b84       0x54 common/built-in.o
                0x0000000017813b84                do_fixup_by_path
 .text.fdt_fixup_memory_banks
                0x0000000017813bd8      0x1b0 common/built-in.o
                0x0000000017813bd8                fdt_fixup_memory_banks
 .text.fdt_fixup_memory
                0x0000000017813d88       0x20 common/built-in.o
                0x0000000017813d88                fdt_fixup_memory
 .text.fdt_fixup_ethernet
                0x0000000017813da8      0x19c common/built-in.o
                0x0000000017813da8                fdt_fixup_ethernet
 .text.fdt_shrink_to_minimum
                0x0000000017813f44       0xcc common/built-in.o
                0x0000000017813f44                fdt_shrink_to_minimum
 .text.miiphy_get_dev_by_name
                0x0000000017814010       0x60 common/built-in.o
                0x0000000017814010                miiphy_get_dev_by_name
 .text.miiphy_init
                0x0000000017814070       0x24 common/built-in.o
                0x0000000017814070                miiphy_init
 .text.mdio_alloc
                0x0000000017814094       0x30 common/built-in.o
                0x0000000017814094                mdio_alloc
 .text.mdio_register
                0x00000000178140c4       0x94 common/built-in.o
                0x00000000178140c4                mdio_register
 .text.mdio_unregister
                0x0000000017814158       0x3c common/built-in.o
                0x0000000017814158                mdio_unregister
 .text.mdio_list_devices
                0x0000000017814194       0x98 common/built-in.o
                0x0000000017814194                mdio_list_devices
 .text.miiphy_set_current_dev
                0x000000001781422c       0x40 common/built-in.o
                0x000000001781422c                miiphy_set_current_dev
 .text.miiphy_get_active_dev
                0x000000001781426c       0x54 common/built-in.o
 .text.mdio_get_current_dev
                0x00000000178142c0       0x10 common/built-in.o
                0x00000000178142c0                mdio_get_current_dev
 .text.mdio_phydev_for_ethname
                0x00000000178142d0       0x88 common/built-in.o
                0x00000000178142d0                mdio_phydev_for_ethname
 .text.miiphy_get_current_dev
                0x0000000017814358       0x18 common/built-in.o
                0x0000000017814358                miiphy_get_current_dev
 .text.miiphy_read
                0x0000000017814370       0x4c common/built-in.o
                0x0000000017814370                miiphy_read
 .text.miiphy_write
                0x00000000178143bc       0x40 common/built-in.o
                0x00000000178143bc                miiphy_write
 .text.miiphy_listdev
                0x00000000178143fc       0x74 common/built-in.o
                0x00000000178143fc                miiphy_listdev
 .text.miiphy_info
                0x0000000017814470       0x88 common/built-in.o
                0x0000000017814470                miiphy_info
 .text.miiphy_speed
                0x00000000178144f8       0x94 common/built-in.o
                0x00000000178144f8                miiphy_speed
 .text.miiphy_duplex
                0x000000001781458c       0x94 common/built-in.o
                0x000000001781458c                miiphy_duplex
 .text.miiphy_is_1000base_x
                0x0000000017814620        0x8 common/built-in.o
                0x0000000017814620                miiphy_is_1000base_x
 .text.usb_set_maxpacket_ep
                0x0000000017814628       0x70 common/built-in.o
 .text.usb_stop
                0x0000000017814698       0x64 common/built-in.o
                0x0000000017814698                usb_stop
 .text.usb_disable_asynch
                0x00000000178146fc       0x20 common/built-in.o
                0x00000000178146fc                usb_disable_asynch
 .text.usb_control_msg
                0x000000001781471c       0xc0 common/built-in.o
                0x000000001781471c                usb_control_msg
 .text.usb_get_descriptor
                0x00000000178147dc       0x58 common/built-in.o
 .text.get_descriptor_len
                0x0000000017814834       0x90 common/built-in.o
 .text.usb_get_string
                0x00000000178148c4       0x70 common/built-in.o
 .text.usb_string_sub
                0x0000000017814934      0x108 common/built-in.o
 .text.usb_bulk_msg
                0x0000000017814a3c       0x70 common/built-in.o
                0x0000000017814a3c                usb_bulk_msg
 .text.usb_maxpacket
                0x0000000017814aac       0x1c common/built-in.o
                0x0000000017814aac                usb_maxpacket
 .text.usb_clear_halt
                0x0000000017814ac8       0x90 common/built-in.o
                0x0000000017814ac8                usb_clear_halt
 .text.usb_get_configuration_len
                0x0000000017814b58       0x74 common/built-in.o
                0x0000000017814b58                usb_get_configuration_len
 .text.usb_get_configuration_no
                0x0000000017814bcc       0x34 common/built-in.o
                0x0000000017814bcc                usb_get_configuration_no
 .text.usb_set_interface
                0x0000000017814c00       0xb4 common/built-in.o
                0x0000000017814c00                usb_set_interface
 .text.usb_string
                0x0000000017814cb4      0x100 common/built-in.o
                0x0000000017814cb4                usb_string
 .text.usb_get_dev_index
                0x0000000017814db4       0x24 common/built-in.o
                0x0000000017814db4                usb_get_dev_index
 .text.usb_alloc_new_device
                0x0000000017814dd8       0x9c common/built-in.o
                0x0000000017814dd8                usb_alloc_new_device
 .text.usb_free_device
                0x0000000017814e74       0x48 common/built-in.o
                0x0000000017814e74                usb_free_device
 .text.usb_alloc_device
                0x0000000017814ebc        0x8 common/built-in.o
                0x0000000017814ebc                usb_alloc_device
 .text.usb_select_config
                0x0000000017814ec4      0x468 common/built-in.o
                0x0000000017814ec4                usb_select_config
 .text.usb_setup_device
                0x000000001781532c      0x170 common/built-in.o
                0x000000001781532c                usb_setup_device
 .text.usb_new_device
                0x000000001781549c       0x34 common/built-in.o
                0x000000001781549c                usb_new_device
 .text.usb_init
                0x00000000178154d0      0x148 common/built-in.o
                0x00000000178154d0                usb_init
 .text.board_usb_init
                0x0000000017815618        0x8 common/built-in.o
                0x0000000017815618                board_usb_init
 .text.board_usb_cleanup
                0x0000000017815620        0x8 common/built-in.o
                0x0000000017815620                board_usb_cleanup
 .text.usb_device_has_child_on_port
                0x0000000017815628       0x14 common/built-in.o
                0x0000000017815628                usb_device_has_child_on_port
 .text.usb_find_usb2_hub_address_port
                0x000000001781563c       0x5c common/built-in.o
                0x000000001781563c                usb_find_usb2_hub_address_port
 .text.usb_set_port_feature
                0x0000000017815698       0x4c common/built-in.o
 .text.usb_clear_port_feature
                0x00000000178156e4       0x4c common/built-in.o
 .text.usb_get_hub_descriptor
                0x0000000017815730       0x4c common/built-in.o
 .text.usb_hub_reset_devices
                0x000000001781577c        0x4 common/built-in.o
                0x000000001781577c                usb_hub_reset_devices
 .text.usb_get_port_status
                0x0000000017815780       0x4c common/built-in.o
                0x0000000017815780                usb_get_port_status
 .text.usb_hub_reset
                0x00000000178157cc       0x20 common/built-in.o
                0x00000000178157cc                usb_hub_reset
 .text.legacy_hub_port_reset
                0x00000000178157ec       0x9c common/built-in.o
                0x00000000178157ec                legacy_hub_port_reset
 .text.usb_hub_port_connect_change
                0x0000000017815888      0x15c common/built-in.o
                0x0000000017815888                usb_hub_port_connect_change
 .text.usb_hub_configure
                0x00000000178159e4      0x4b4 common/built-in.o
 .text.usb_hub_probe
                0x0000000017815e98       0x54 common/built-in.o
                0x0000000017815e98                usb_hub_probe
 .text.usb_stor_irq
                0x0000000017815eec       0x1c common/built-in.o
 .text.usb_stor_BBB_reset
                0x0000000017815f08       0xd0 common/built-in.o
 .text.usb_stor_CB_reset
                0x0000000017815fd8       0xd0 common/built-in.o
 .text.usb_stor_BBB_clear_endpt_stall.isra.2
                0x00000000178160a8       0x40 common/built-in.o
 .text.usb_stor_BBB_transport
                0x00000000178160e8      0x25c common/built-in.o
 .text.usb_stor_CB_comdat
                0x0000000017816344      0x204 common/built-in.o
 .text.usb_stor_CBI_get_status.isra.4
                0x0000000017816548       0xc8 common/built-in.o
 .text.usb_stor_CB_transport
                0x0000000017816610      0x228 common/built-in.o
 .text.usb_request_sense.constprop.10
                0x0000000017816838       0x70 common/built-in.o
 .text.usb_stor_read
                0x00000000178168a8      0x174 common/built-in.o
 .text.usb_stor_write
                0x0000000017816a1c      0x174 common/built-in.o
 .text.usb_stor_get_dev
                0x0000000017816b90       0x28 common/built-in.o
                0x0000000017816b90                usb_stor_get_dev
 .text.usb_stor_info
                0x0000000017816bb8       0x74 common/built-in.o
                0x0000000017816bb8                usb_stor_info
 .text.usb_storage_probe
                0x0000000017816c2c      0x204 common/built-in.o
                0x0000000017816c2c                usb_storage_probe
 .text.usb_stor_get_info
                0x0000000017816e30      0x314 common/built-in.o
                0x0000000017816e30                usb_stor_get_info
 .text.usb_stor_scan
                0x0000000017817144      0x1fc common/built-in.o
                0x0000000017817144                usb_stor_scan
 .text.splash_screen_prepare
                0x0000000017817340        0x8 common/built-in.o
                0x0000000017817340                splash_screen_prepare
 .text.splash_get_pos
                0x0000000017817348       0x88 common/built-in.o
                0x0000000017817348                splash_get_pos
 .text.env_get_char_spec
                0x00000000178173d0        0xc common/built-in.o
                0x00000000178173d0                env_get_char_spec
 .text.env_get_addr
                0x00000000178173dc       0x20 common/built-in.o
                0x00000000178173dc                env_get_addr
 .text.env_get_char_memory
                0x00000000178173fc       0x10 common/built-in.o
                0x00000000178173fc                env_get_char_memory
 .text.env_get_char
                0x000000001781740c       0x30 common/built-in.o
                0x000000001781740c                env_get_char
 .text.getenv_yesno
                0x000000001781743c       0x40 common/built-in.o
                0x000000001781743c                getenv_yesno
 .text.getenv_default
                0x000000001781747c       0x30 common/built-in.o
                0x000000001781747c                getenv_default
 .text.set_default_env
                0x00000000178174ac       0xc0 common/built-in.o
                0x00000000178174ac                set_default_env
 .text.set_default_vars
                0x000000001781756c       0x38 common/built-in.o
                0x000000001781756c                set_default_vars
 .text.env_import
                0x00000000178175a4       0xdc common/built-in.o
                0x00000000178175a4                env_import
 .text.env_export
                0x0000000017817680       0xa0 common/built-in.o
                0x0000000017817680                env_export
 .text.env_relocate
                0x0000000017817720       0x2c common/built-in.o
                0x0000000017817720                env_relocate
 .text.env_complete
                0x000000001781774c       0xf0 common/built-in.o
                0x000000001781774c                env_complete
 .text.console_setfile
                0x000000001781783c       0xc0 common/built-in.o
 .text.serial_printf
                0x00000000178178fc       0x44 common/built-in.o
                0x00000000178178fc                serial_printf
 .text.putc     0x0000000017817940       0x34 common/built-in.o
                0x0000000017817940                putc
 .text.puts     0x0000000017817974       0x34 common/built-in.o
                0x0000000017817974                puts
 .text.fgetc    0x00000000178179a8       0x24 common/built-in.o
                0x00000000178179a8                fgetc
 .text.getc     0x00000000178179cc       0x24 common/built-in.o
                0x00000000178179cc                getc
 .text.ftstc    0x00000000178179f0       0x24 common/built-in.o
                0x00000000178179f0                ftstc
 .text.tstc     0x0000000017817a14       0x24 common/built-in.o
                0x0000000017817a14                tstc
 .text.ctrlc    0x0000000017817a38       0x58 common/built-in.o
                0x0000000017817a38                ctrlc
 .text.confirm_yesno
                0x0000000017817a90       0xd4 common/built-in.o
                0x0000000017817a90                confirm_yesno
 .text.had_ctrlc
                0x0000000017817b64       0x10 common/built-in.o
                0x0000000017817b64                had_ctrlc
 .text.clear_ctrlc
                0x0000000017817b74       0x14 common/built-in.o
                0x0000000017817b74                clear_ctrlc
 .text.search_device
                0x0000000017817b88       0x28 common/built-in.o
                0x0000000017817b88                search_device
 .text.console_assign
                0x0000000017817bb0       0x48 common/built-in.o
                0x0000000017817bb0                console_assign
 .text.on_console
                0x0000000017817bf8       0xb8 common/built-in.o
 .text.console_init_f
                0x0000000017817cb0       0x10 common/built-in.o
                0x0000000017817cb0                console_init_f
 .text.stdio_print_current_devices
                0x0000000017817cc0       0xb0 common/built-in.o
                0x0000000017817cc0                stdio_print_current_devices
 .text.console_init_r
                0x0000000017817d70      0x194 common/built-in.o
                0x0000000017817d70                console_init_r
 .text.sbrk     0x0000000017817f04       0x6c common/built-in.o
                0x0000000017817f04                sbrk
 .text.mem_malloc_init
                0x0000000017817f70       0x34 common/built-in.o
                0x0000000017817f70                mem_malloc_init
 .text.malloc_trim
                0x0000000017817fa4       0xcc common/built-in.o
                0x0000000017817fa4                malloc_trim
 .text.free     0x0000000017818070      0x24c common/built-in.o
                0x0000000017818070                free
 .text.malloc   0x00000000178182bc      0x628 common/built-in.o
                0x00000000178182bc                malloc
 .text.calloc   0x00000000178188e4      0x144 common/built-in.o
                0x00000000178188e4                calloc
 .text.realloc  0x0000000017818a28      0x4e0 common/built-in.o
                0x0000000017818a28                realloc
 .text.memalign
                0x0000000017818f08      0x140 common/built-in.o
                0x0000000017818f08                memalign
 .text.initf_malloc
                0x0000000017819048       0x18 common/built-in.o
                0x0000000017819048                initf_malloc
 .text.malloc_simple
                0x0000000017819060       0x30 common/built-in.o
                0x0000000017819060                malloc_simple
 .text.on_loadaddr
                0x0000000017819090       0x38 common/built-in.o
 .text.image_check_hcrc
                0x00000000178190c8       0x4c common/built-in.o
                0x00000000178190c8                image_check_hcrc
 .text.image_check_dcrc
                0x0000000017819114       0x38 common/built-in.o
                0x0000000017819114                image_check_dcrc
 .text.image_multi_count
                0x000000001781914c       0x1c common/built-in.o
                0x000000001781914c                image_multi_count
 .text.image_multi_getimg
                0x0000000017819168       0x80 common/built-in.o
                0x0000000017819168                image_multi_getimg
 .text.getenv_bootm_low
                0x00000000178191e8       0x30 common/built-in.o
                0x00000000178191e8                getenv_bootm_low
 .text.getenv_bootm_size
                0x0000000017819218       0x68 common/built-in.o
                0x0000000017819218                getenv_bootm_size
 .text.getenv_bootm_mapsize
                0x0000000017819280       0x30 common/built-in.o
                0x0000000017819280                getenv_bootm_mapsize
 .text.memmove_wd
                0x00000000178192b0        0xc common/built-in.o
                0x00000000178192b0                memmove_wd
 .text.genimg_print_size
                0x00000000178192bc       0x30 common/built-in.o
                0x00000000178192bc                genimg_print_size
 .text.get_table_entry
                0x00000000178192ec       0x24 common/built-in.o
                0x00000000178192ec                get_table_entry
 .text.get_table_entry_name
                0x0000000017819310       0x20 common/built-in.o
                0x0000000017819310                get_table_entry_name
 .text.genimg_get_os_name
                0x0000000017819330       0x18 common/built-in.o
                0x0000000017819330                genimg_get_os_name
 .text.genimg_get_arch_name
                0x0000000017819348       0x18 common/built-in.o
                0x0000000017819348                genimg_get_arch_name
 .text.genimg_get_type_name
                0x0000000017819360       0x18 common/built-in.o
                0x0000000017819360                genimg_get_type_name
 .text.genimg_get_comp_name
                0x0000000017819378       0x18 common/built-in.o
                0x0000000017819378                genimg_get_comp_name
 .text.image_print_contents
                0x0000000017819390      0x178 common/built-in.o
                0x0000000017819390                image_print_contents
 .text.genimg_get_kernel_addr_fit
                0x0000000017819508       0x24 common/built-in.o
                0x0000000017819508                genimg_get_kernel_addr_fit
 .text.genimg_get_format
                0x000000001781952c       0x50 common/built-in.o
                0x000000001781952c                genimg_get_format
 .text.genimg_get_image
                0x000000001781957c        0x4 common/built-in.o
                0x000000001781957c                genimg_get_image
 .text.genimg_has_config
                0x0000000017819580        0x8 common/built-in.o
                0x0000000017819580                genimg_has_config
 .text.boot_get_ramdisk
                0x0000000017819588      0x2bc common/built-in.o
                0x0000000017819588                boot_get_ramdisk
 .text.boot_ramdisk_high
                0x0000000017819844      0x144 common/built-in.o
                0x0000000017819844                boot_ramdisk_high
 .text.boot_get_setup
                0x0000000017819988        0x8 common/built-in.o
                0x0000000017819988                boot_get_setup
 .text.image_setup_linux
                0x0000000017819990       0x8c common/built-in.o
                0x0000000017819990                image_setup_linux
 .text.android_image_get_kernel
                0x0000000017819a1c      0x164 common/built-in.o
                0x0000000017819a1c                android_image_get_kernel
 .text.android_image_check_header
                0x0000000017819b80       0x14 common/built-in.o
                0x0000000017819b80                android_image_check_header
 .text.android_image_get_end
                0x0000000017819b94       0x4c common/built-in.o
                0x0000000017819b94                android_image_get_end
 .text.android_image_get_kload
                0x0000000017819be0       0x20 common/built-in.o
                0x0000000017819be0                android_image_get_kload
 .text.android_image_get_ramdisk
                0x0000000017819c00       0x7c common/built-in.o
                0x0000000017819c00                android_image_get_ramdisk
 .text.fdt_error
                0x0000000017819c7c       0x2c common/built-in.o
 .text.boot_fdt_add_mem_rsv_regions
                0x0000000017819ca8       0x88 common/built-in.o
                0x0000000017819ca8                boot_fdt_add_mem_rsv_regions
 .text.boot_relocate_fdt
                0x0000000017819d30      0x198 common/built-in.o
                0x0000000017819d30                boot_relocate_fdt
 .text.boot_get_fdt
                0x0000000017819ec8      0x2ac common/built-in.o
                0x0000000017819ec8                boot_get_fdt
 .text.ft_verify_fdt
                0x000000001781a174        0x8 common/built-in.o
                0x000000001781a174                ft_verify_fdt
 .text.image_setup_libfdt
                0x000000001781a17c      0x110 common/built-in.o
                0x000000001781a17c                image_setup_libfdt
 .text.get_effective_memsize
                0x000000001781a28c        0x8 common/built-in.o
                0x000000001781a28c                get_effective_memsize
 .text.nulldev_putc
                0x000000001781a294        0x4 common/built-in.o
 .text.nulldev_puts
                0x000000001781a298        0x4 common/built-in.o
 .text.nulldev_input
                0x000000001781a29c        0x8 common/built-in.o
 .text.stdio_serial_tstc
                0x000000001781a2a4        0x4 common/built-in.o
 .text.stdio_serial_getc
                0x000000001781a2a8        0x4 common/built-in.o
 .text.stdio_serial_puts
                0x000000001781a2ac        0x8 common/built-in.o
 .text.stdio_serial_putc
                0x000000001781a2b4        0x8 common/built-in.o
 .text.stdio_get_list
                0x000000001781a2bc        0xc common/built-in.o
                0x000000001781a2bc                stdio_get_list
 .text.stdio_get_by_name
                0x000000001781a2c8       0x5c common/built-in.o
                0x000000001781a2c8                stdio_get_by_name
 .text.stdio_clone
                0x000000001781a324       0x38 common/built-in.o
                0x000000001781a324                stdio_clone
 .text.stdio_register_dev
                0x000000001781a35c       0x50 common/built-in.o
                0x000000001781a35c                stdio_register_dev
 .text.stdio_register
                0x000000001781a3ac        0x8 common/built-in.o
                0x000000001781a3ac                stdio_register
 .text.stdio_init_tables
                0x000000001781a3b4       0x1c common/built-in.o
                0x000000001781a3b4                stdio_init_tables
 .text.stdio_add_devices
                0x000000001781a3d0       0xd4 common/built-in.o
                0x000000001781a3d0                stdio_add_devices
 .text.run_command
                0x000000001781a4a4       0x10 common/built-in.o
                0x000000001781a4a4                run_command
 .text.run_command_list
                0x000000001781a4b4       0x7c common/built-in.o
                0x000000001781a4b4                run_command_list
 .text.do_run   0x000000001781a530       0x78 common/built-in.o
                0x000000001781a530                do_run
 .text.cli_loop
                0x000000001781a5a8        0xc common/built-in.o
                0x000000001781a5a8                cli_loop
 .text.cli_init
                0x000000001781a5b4        0x4 common/built-in.o
                0x000000001781a5b4                cli_init
 .text.delete_char.part.0
                0x000000001781a5b8       0xd0 common/built-in.o
 .text.cread_add_char
                0x000000001781a688       0xe8 common/built-in.o
 .text.cli_readline_into_buffer
                0x000000001781a770      0x9c0 common/built-in.o
                0x000000001781a770                cli_readline_into_buffer
 .text.cli_readline
                0x000000001781b130       0x14 common/built-in.o
                0x000000001781b130                cli_readline
 .text.find_cmd_tbl
                0x000000001781b144       0xa4 common/built-in.o
                0x000000001781b144                find_cmd_tbl
 .text.find_cmd
                0x000000001781b1e8       0x28 common/built-in.o
                0x000000001781b1e8                find_cmd
 .text.cmd_usage
                0x000000001781b210       0x5c common/built-in.o
                0x000000001781b210                cmd_usage
 .text._do_help
                0x000000001781b26c      0x178 common/built-in.o
                0x000000001781b26c                _do_help
 .text.var_complete
                0x000000001781b3e4       0x84 common/built-in.o
                0x000000001781b3e4                var_complete
 .text.cmd_auto_complete
                0x000000001781b468      0x4b4 common/built-in.o
                0x000000001781b468                cmd_auto_complete
 .text.cmd_get_data_size
                0x000000001781b91c       0x5c common/built-in.o
                0x000000001781b91c                cmd_get_data_size
 .text.cmd_process
                0x000000001781b978       0xec common/built-in.o
                0x000000001781b978                cmd_process
 .text.cmd_process_error
                0x000000001781ba64       0x30 common/built-in.o
                0x000000001781ba64                cmd_process_error
 .text.hex1_bin
                0x000000001781ba94       0x40 common/built-in.o
 .text.hex2_bin
                0x000000001781bad4       0x38 common/built-in.o
 .text.srec_decode
                0x000000001781bb0c      0x254 common/built-in.o
                0x000000001781bb0c                srec_decode
 .text.CYGACC_COMM_IF_GETC_TIMEOUT.isra.0
                0x000000001781bd60       0x5c common/built-in.o
 .text.xyzModem_flush
                0x000000001781bdbc       0x1c common/built-in.o
 .text.xyzModem_get_hdr
                0x000000001781bdd8      0x238 common/built-in.o
 .text.xyzModem_stream_open
                0x000000001781c010      0x224 common/built-in.o
                0x000000001781c010                xyzModem_stream_open
 .text.xyzModem_stream_read
                0x000000001781c234      0x254 common/built-in.o
                0x000000001781c234                xyzModem_stream_read
 .text.xyzModem_stream_close
                0x000000001781c488       0x54 common/built-in.o
                0x000000001781c488                xyzModem_stream_close
 .text.xyzModem_stream_terminate
                0x000000001781c4dc       0x94 common/built-in.o
                0x000000001781c4dc                xyzModem_stream_terminate
 .text.xyzModem_error
                0x000000001781c570       0x20 common/built-in.o
                0x000000001781c570                xyzModem_error
 .text.get_dev_hwpart
                0x000000001781c590       0xa8 disk/built-in.o
 .text.blk_get_dev
                0x000000001781c638        0x8 disk/built-in.o
                0x000000001781c638                blk_get_dev
 .text.dev_print
                0x000000001781c640      0x20c disk/built-in.o
                0x000000001781c640                dev_print
 .text.part_init
                0x000000001781c84c       0x54 disk/built-in.o
                0x000000001781c84c                part_init
 .text.part_print
                0x000000001781c8a0      0x12c disk/built-in.o
                0x000000001781c8a0                part_print
 .text.part_get_info
                0x000000001781c9cc       0x68 disk/built-in.o
                0x000000001781c9cc                part_get_info
 .text.blk_get_device_by_str
                0x000000001781ca34      0x128 disk/built-in.o
                0x000000001781ca34                blk_get_device_by_str
 .text.blk_get_device_part_str
                0x000000001781cb5c      0x3f8 disk/built-in.o
                0x000000001781cb5c                blk_get_device_part_str
 .text.test_block_type
                0x000000001781cf54       0x84 disk/built-in.o
 .text.print_partition_extended
                0x000000001781cfd8      0x274 disk/built-in.o
 .text.part_print_dos
                0x000000001781d24c       0x34 disk/built-in.o
                0x000000001781d24c                part_print_dos
 .text.part_test_dos
                0x000000001781d280       0x60 disk/built-in.o
 .text.part_get_info_extended.constprop.1
                0x000000001781d2e0      0x2fc disk/built-in.o
 .text.part_get_info_dos
                0x000000001781d5dc       0x20 disk/built-in.o
                0x000000001781d5dc                part_get_info_dos
 .text.alloc_priv
                0x000000001781d5fc       0x48 drivers/built-in.o
 .text.device_bind
                0x000000001781d644      0x304 drivers/built-in.o
                0x000000001781d644                device_bind
 .text.device_bind_by_name
                0x000000001781d948       0x60 drivers/built-in.o
                0x000000001781d948                device_bind_by_name
 .text.device_probe
                0x000000001781d9a8      0x234 drivers/built-in.o
                0x000000001781d9a8                device_probe
 .text.dev_get_platdata
                0x000000001781dbdc       0x34 drivers/built-in.o
                0x000000001781dbdc                dev_get_platdata
 .text.dev_get_priv
                0x000000001781dc10       0x34 drivers/built-in.o
                0x000000001781dc10                dev_get_priv
 .text.lists_driver_lookup_name
                0x000000001781dc44       0x4c drivers/built-in.o
                0x000000001781dc44                lists_driver_lookup_name
 .text.lists_uclass_lookup
                0x000000001781dc90       0x3c drivers/built-in.o
                0x000000001781dc90                lists_uclass_lookup
 .text.lists_bind_drivers
                0x000000001781dccc       0x88 drivers/built-in.o
                0x000000001781dccc                lists_bind_drivers
 .text.dm_root  0x000000001781dd54       0x2c drivers/built-in.o
                0x000000001781dd54                dm_root
 .text.dm_init  0x000000001781dd80       0x58 drivers/built-in.o
                0x000000001781dd80                dm_init
 .text.dm_scan_platdata
                0x000000001781ddd8       0x2c drivers/built-in.o
                0x000000001781ddd8                dm_scan_platdata
 .text.dm_scan_other
                0x000000001781de04        0x8 drivers/built-in.o
                0x000000001781de04                dm_scan_other
 .text.dm_init_and_scan
                0x000000001781de0c       0x30 drivers/built-in.o
                0x000000001781de0c                dm_init_and_scan
 .text.uclass_find
                0x000000001781de3c       0x4c drivers/built-in.o
                0x000000001781de3c                uclass_find
 .text.uclass_get
                0x000000001781de88      0x124 drivers/built-in.o
                0x000000001781de88                uclass_get
 .text.uclass_find_device
                0x000000001781dfac       0x74 drivers/built-in.o
                0x000000001781dfac                uclass_find_device
 .text.uclass_find_device_by_seq
                0x000000001781e020       0x7c drivers/built-in.o
                0x000000001781e020                uclass_find_device_by_seq
 .text.uclass_get_device_tail
                0x000000001781e09c       0x2c drivers/built-in.o
                0x000000001781e09c                uclass_get_device_tail
 .text.uclass_get_device
                0x000000001781e0c8       0x30 drivers/built-in.o
                0x000000001781e0c8                uclass_get_device
 .text.uclass_bind_device
                0x000000001781e0f8       0x7c drivers/built-in.o
                0x000000001781e0f8                uclass_bind_device
 .text.uclass_unbind_device
                0x000000001781e174       0x4c drivers/built-in.o
                0x000000001781e174                uclass_unbind_device
 .text.uclass_resolve_seq
                0x000000001781e1c0       0xb0 drivers/built-in.o
                0x000000001781e1c0                uclass_resolve_seq
 .text.uclass_pre_probe_device
                0x000000001781e270       0x64 drivers/built-in.o
                0x000000001781e270                uclass_pre_probe_device
 .text.uclass_post_probe_device
                0x000000001781e2d4       0x20 drivers/built-in.o
                0x000000001781e2d4                uclass_post_probe_device
 .text.uclass_pre_remove_device
                0x000000001781e2f4       0x20 drivers/built-in.o
                0x000000001781e2f4                uclass_pre_remove_device
 .text.dm_warn  0x000000001781e314       0x28 drivers/built-in.o
                0x000000001781e314                dm_warn
 .text.device_free
                0x000000001781e33c       0x90 drivers/built-in.o
                0x000000001781e33c                device_free
 .text.device_remove
                0x000000001781e3cc      0x138 drivers/built-in.o
                0x000000001781e3cc                device_remove
 .text.show_devices
                0x000000001781e504       0xfc drivers/built-in.o
 .text.dm_dump_all
                0x000000001781e600       0x3c drivers/built-in.o
                0x000000001781e600                dm_dump_all
 .text.dm_dump_uclass
                0x000000001781e63c       0xdc drivers/built-in.o
                0x000000001781e63c                dm_dump_uclass
 .text.finish_access
                0x000000001781e718       0x2c drivers/built-in.o
 .text.set_timing
                0x000000001781e744       0xb4 drivers/built-in.o
 .text.prepare_access
                0x000000001781e7f8       0x88 drivers/built-in.o
 .text.fuse_bank_physical
                0x000000001781e880       0x64 drivers/built-in.o
                0x000000001781e880                fuse_bank_physical
 .text.fuse_read
                0x000000001781e8e4       0x74 drivers/built-in.o
                0x000000001781e8e4                fuse_read
 .text.fuse_sense
                0x000000001781e958       0xac drivers/built-in.o
                0x000000001781e958                fuse_sense
 .text.fuse_prog
                0x000000001781ea04       0xa8 drivers/built-in.o
                0x000000001781ea04                fuse_prog
 .text.fuse_override
                0x000000001781eaac       0x6c drivers/built-in.o
                0x000000001781eaac                fuse_override
 .text.dfu_write_buffer_drain
                0x000000001781eb18       0xa8 drivers/built-in.o
 .text.dfu_free_buf
                0x000000001781ebc0       0x20 drivers/built-in.o
                0x000000001781ebc0                dfu_free_buf
 .text.dfu_get_buf_size
                0x000000001781ebe0       0x10 drivers/built-in.o
                0x000000001781ebe0                dfu_get_buf_size
 .text.dfu_get_buf
                0x000000001781ebf0       0xb8 drivers/built-in.o
                0x000000001781ebf0                dfu_get_buf
 .text.dfu_write_transaction_cleanup
                0x000000001781eca8       0x44 drivers/built-in.o
                0x000000001781eca8                dfu_write_transaction_cleanup
 .text.dfu_flush
                0x000000001781ecec       0x64 drivers/built-in.o
                0x000000001781ecec                dfu_flush
 .text.dfu_write
                0x000000001781ed50      0x184 drivers/built-in.o
                0x000000001781ed50                dfu_write
 .text.dfu_read
                0x000000001781eed4      0x26c drivers/built-in.o
                0x000000001781eed4                dfu_read
 .text.dfu_free_entities
                0x000000001781f140       0x9c drivers/built-in.o
                0x000000001781f140                dfu_free_entities
 .text.dfu_config_entities
                0x000000001781f1dc      0x278 drivers/built-in.o
                0x000000001781f1dc                dfu_config_entities
 .text.dfu_init_env_entities
                0x000000001781f454       0x90 drivers/built-in.o
                0x000000001781f454                dfu_init_env_entities
 .text.dfu_get_dev_type
                0x000000001781f4e4       0x3c drivers/built-in.o
                0x000000001781f4e4                dfu_get_dev_type
 .text.dfu_get_layout
                0x000000001781f520       0x3c drivers/built-in.o
                0x000000001781f520                dfu_get_layout
 .text.dfu_show_entities
                0x000000001781f55c       0x74 drivers/built-in.o
                0x000000001781f55c                dfu_show_entities
 .text.dfu_get_alt_number
                0x000000001781f5d0       0x10 drivers/built-in.o
                0x000000001781f5d0                dfu_get_alt_number
 .text.dfu_get_entity
                0x000000001781f5e0       0x40 drivers/built-in.o
                0x000000001781f5e0                dfu_get_entity
 .text.mmc_block_op
                0x000000001781f620      0x1e0 drivers/built-in.o
 .text.mmc_file_op
                0x000000001781f800      0x19c drivers/built-in.o
 .text.dfu_free_entity_mmc
                0x000000001781f99c       0x28 drivers/built-in.o
                0x000000001781f99c                dfu_free_entity_mmc
 .text.dfu_write_medium_mmc
                0x000000001781f9c4       0xb8 drivers/built-in.o
                0x000000001781f9c4                dfu_write_medium_mmc
 .text.dfu_flush_medium_mmc
                0x000000001781fa7c       0x48 drivers/built-in.o
                0x000000001781fa7c                dfu_flush_medium_mmc
 .text.dfu_get_medium_size_mmc
                0x000000001781fac4       0x90 drivers/built-in.o
                0x000000001781fac4                dfu_get_medium_size_mmc
 .text.dfu_read_medium_mmc
                0x000000001781fb54       0xe4 drivers/built-in.o
                0x000000001781fb54                dfu_read_medium_mmc
 .text.dfu_fill_entity_mmc
                0x000000001781fc38      0x320 drivers/built-in.o
                0x000000001781fc38                dfu_fill_entity_mmc
 .text.dfu_get_medium_size_sf
                0x000000001781ff58        0x8 drivers/built-in.o
 .text.dfu_read_medium_sf
                0x000000001781ff60       0x28 drivers/built-in.o
 .text.dfu_flush_medium_sf
                0x000000001781ff88        0x8 drivers/built-in.o
 .text.dfu_polltimeout_sf
                0x000000001781ff90        0x8 drivers/built-in.o
 .text.dfu_free_entity_sf
                0x000000001781ff98        0x8 drivers/built-in.o
 .text.dfu_write_medium_sf
                0x000000001781ffa0       0x98 drivers/built-in.o
 .text.dfu_fill_entity_sf
                0x0000000017820038      0x2f8 drivers/built-in.o
                0x0000000017820038                dfu_fill_entity_sf
 .text.video_drawchars
                0x0000000017820330      0x44c drivers/built-in.o
 .text.draw_bitmap
                0x000000001782077c       0xdc drivers/built-in.o
 .text.console_newline.constprop.2
                0x0000000017820858       0xe0 drivers/built-in.o
 .text.video_putc
                0x0000000017820938      0x194 drivers/built-in.o
 .text.video_puts
                0x0000000017820acc       0x7c drivers/built-in.o
 .text.board_cfb_skip
                0x0000000017820b48        0x8 drivers/built-in.o
                0x0000000017820b48                board_cfb_skip
 .text.video_set_lut
                0x0000000017820b50        0x4 drivers/built-in.o